<area shape="rect" id="node3" href="$namespaceswb__grid.html#9d60759cd038c3d1936d912299e2f4a2" title="swb_grid::grid_WriteArcGrid" alt="" coords="596,50,780,78">
<area shape="rect" id="node5" href="$namespacerunoff__curve__number.html#ab87de081fe92b0ca919f00b9931be6d" title="runoff_curve_number::runoff_InitializeCurveNumber" alt="" coords="205,75,515,103">
<area shape="rect" id="node8" href="$namespaceswb__stats.html#2a181014514f304c10a4823167eea79a" title="swb_stats::stats_CalcMonthlyMeans" alt="" coords="243,126,477,154">
<area shape="rect" id="node10" href="$namespaceswb__stats.html#65f35b2efbf53e65d819a171319d92f9" title="swb_stats::stats_DumpAnnualAccumulatorValues" alt="" coords="204,176,516,204">
<area shape="rect" id="node14" href="$namespaceswb__stats.html#0d9031a1acff05d4d1e6d46d8c4e3263" title="swb_stats::stats_DumpDailyAccumulatorValues" alt="" coords="211,227,509,255">
<area shape="rect" id="node17" href="$namespaceswb__stats.html#2d6e66544a4b71402f6bb7075d590df8" title="swb_stats::stats_DumpMonthlyAccumulatorValues" alt="" coords="201,278,519,306">
<area shape="rect" id="node20" href="$namespaceswb__stats.html#5fbf4ac0d23ffb2a7aa6dbe4be8c8164" title="swb_stats::stats_InitializeAnnualAccumulators" alt="" coords="215,328,505,356">
<area shape="rect" id="node22" href="$namespaceswb__stats.html#5ba844557dec513710f283c41a9a265c" title="swb_stats::stats_InitializeDailyAccumulators" alt="" coords="220,379,500,407">
<area shape="rect" id="node24" href="$namespaceswb__stats.html#3d947e5ebbe4b649820b9de1e118efb0" title="swb_stats::stats_InitializeMonthlyAccumulators" alt="" coords="212,430,508,458">
<area shape="rect" id="node26" href="$namespaceswb__stats.html#310f0f7b08aa679de6907fc3870bac76" title="swb_stats::stats_InitializeVolumeConversion" alt="" coords="221,480,499,508">
<area shape="rect" id="node28" href="$namespaceswb__stats.html#59a2b9123745126691c28085080584ec" title="swb_stats::stats_OpenBinaryFiles" alt="" coords="251,531,469,559">
<area shape="rect" id="node30" href="$namespaceswb__stats.html#702b2071b18f3bf1b5569bcf5b6bef3e" title="swb_stats::stats_WriteAnnualAccumulatorHeaderCSV" alt="" coords="192,582,528,610">
<area shape="rect" id="node32" href="$namespaceswb__stats.html#ffd85de02d34bd4608aec046a8a28a57" title="swb_stats::stats_WriteAnnualAccumulatorValuesCSV" alt="" coords="192,632,528,660">
<area shape="rect" id="node34" href="$namespaceswb__stats.html#e8dd9a43d8d8b6499f5b0556f4d7f374" title="swb_stats::stats_WriteDailyAccumulatorHeaderCSV" alt="" coords="197,683,523,711">
<area shape="rect" id="node36" href="$namespaceswb__stats.html#7680fbd498a0bf44089b1e12baf9221a" title="swb_stats::stats_WriteDailyAccumulatorValuesCSV" alt="" coords="199,734,521,762">
<area shape="rect" id="node38" href="$namespaceswb__stats.html#e5f18911e97e0fc1ba46fc24975f03ed" title="Writes out the min, max, and mean of 2D variable array Second line of brief description..." alt="" coords="244,784,476,812">
<area shape="rect" id="node40" href="$namespaceswb__stats.html#477408383e1db8d73b78fabed1b1f805" title="swb_stats::stats_WriteMSBReport" alt="" coords="249,835,471,863">
<area shape="rect" id="node12" href="$namespaceswb__stats.html#07fff21d7f416822a1e78b4de9580fc7" title="swb_stats::stats_FormatTextString" alt="" coords="576,227,800,255">
