<area shape="rect" id="node3" href="$namespacegavg.html#9784e4b4d3dcad7f43693c32f7bedabe" title="gavg::gavg_EndOfRun" alt="" coords="207,49,353,77">
<area shape="rect" id="node5" href="$namespaceswb__grid.html#42bbda135d21221339b4b6656da28933" title="swb_grid::grid_Destroy" alt="" coords="489,49,641,77">
<area shape="rect" id="node7" href="$namespacegavg.html#be467ecdcb166a376caf0e0b03529ffc" title="gavg::gavg_ReadBasinMaskTable" alt="" coords="173,302,387,330">
<area shape="rect" id="node9" href="$namespacegavg.html#e07f7a0a57e0cd40b00b4b41ad4d5a23" title="gavg::gavg_ReadLanduseLookupTable" alt="" coords="160,353,400,381">
<area shape="rect" id="node11" href="$namespacegavg.html#670d4649ecbd919804dd10da333e9c77" title="gavg::gavg_run" alt="" coords="227,150,333,178">
<area shape="rect" id="node13" href="$namespaceswb__grid.html#da2d0ba491d29a4a52aae2822b888f1f" title="swb_grid::grid_Conform" alt="" coords="488,100,643,128">
<area shape="rect" id="node15" href="$namespaceswb__grid.html#961bb54be48e77d8d35cb822379f4e60" title="swb_grid::grid_Create" alt="" coords="492,201,639,229">
<area shape="rect" id="node18" href="$namespaceswb__grid.html#99ec16225afef63a0e34f4882ee3250f" title="swb_grid::grid_Read" alt="" coords="496,252,635,280">
<area shape="rect" id="node20" href="$namespaceswb__stats.html#e5f18911e97e0fc1ba46fc24975f03ed" title="Writes out the min, max, and mean of 2D variable array Second line of brief description..." alt="" coords="449,150,681,178">
