<area shape="rect" id="node3" href="$namespacesm__thornthwaite__mather.html#233ae5f65335221fe1cfeefbc50571cf" title="sm_thornthwaite_mather::sm_thornthwaite_mather_UpdateSM" alt="" coords="229,182,611,210">
<area shape="rect" id="node5" href="$namespaceswb__grid.html#c85aae6e574c3fb99358cf1e61fb6baf" title="swb_grid::grid_Interpolate" alt="" coords="771,5,939,33">
<area shape="rect" id="node7" href="$namespaceswb__grid.html#36a5dae5d73e58c86a5f71557e9dc7ec" title="swb_grid::grid_SearchColumn" alt="" coords="759,55,951,83">
<area shape="rect" id="node9" href="$namespacenetcdf__support.html#ea9ea475d261fc0de8af0a3d58111d4c" title="netcdf_support::netcdf_write_variable_byte" alt="" coords="723,106,987,134">
<area shape="rect" id="node13" href="$namespace_r_l_e.html#2e9e849815a1bcf1205b52ab3abce6b2" title="RLE::RLE_writeByte" alt="" coords="785,157,924,185">
<area shape="rect" id="node15" href="$namespacesm__thornthwaite__mather.html#15c8accae90f6aec49dbb1ffcd53409c" title="sm_thornthwaite_mather::sm_thornthwaite_mather_APWL" alt="" coords="676,207,1033,235">
<area shape="rect" id="node17" href="$namespacesm__thornthwaite__mather.html#ffdc1e74886e00b012b8f2ddf3be6ef2" title="sm_thornthwaite_mather::sm_thornthwaite_mather_soil_storage" alt="" coords="660,258,1049,286">
<area shape="rect" id="node19" href="$namespaceswb__stats.html#6def08584e14bc099756846eab8c3fd0" title="swb_stats::stats_UpdateAllAccumulatorsByCell" alt="" coords="705,309,1004,337">
<area shape="rect" id="node21" href="$namespaceswb__stats.html#148b78706f8169736ee3fa4a8289a319" title="swb_stats::stats_write_to_SSF_file" alt="" coords="743,359,967,387">
<area shape="rect" id="node11" href="$namespacenetcdf__support.html#0d68b435588c00e7f5662b237c9bc4bc" title="netcdf_support::netcdf_check" alt="" coords="1099,106,1291,134">
