<area shape="rect" id="node3" href="$namespaceswb__grid.html#c85aae6e574c3fb99358cf1e61fb6baf" title="swb_grid::grid_Interpolate" alt="" coords="547,5,715,33">
<area shape="rect" id="node5" href="$namespaceswb__grid.html#36a5dae5d73e58c86a5f71557e9dc7ec" title="swb_grid::grid_SearchColumn" alt="" coords="535,55,727,83">
<area shape="rect" id="node7" href="$namespacenetcdf__support.html#ea9ea475d261fc0de8af0a3d58111d4c" title="netcdf_support::netcdf_write_variable_byte" alt="" coords="499,106,763,134">
<area shape="rect" id="node11" href="$namespace_r_l_e.html#2e9e849815a1bcf1205b52ab3abce6b2" title="RLE::RLE_writeByte" alt="" coords="561,157,700,185">
<area shape="rect" id="node13" href="$namespacesm__thornthwaite__mather.html#15c8accae90f6aec49dbb1ffcd53409c" title="sm_thornthwaite_mather::sm_thornthwaite_mather_APWL" alt="" coords="452,207,809,235">
<area shape="rect" id="node15" href="$namespacesm__thornthwaite__mather.html#ffdc1e74886e00b012b8f2ddf3be6ef2" title="sm_thornthwaite_mather::sm_thornthwaite_mather_soil_storage" alt="" coords="436,258,825,286">
<area shape="rect" id="node17" href="$namespaceswb__stats.html#6def08584e14bc099756846eab8c3fd0" title="swb_stats::stats_UpdateAllAccumulatorsByCell" alt="" coords="481,309,780,337">
<area shape="rect" id="node19" href="$namespaceswb__stats.html#148b78706f8169736ee3fa4a8289a319" title="swb_stats::stats_write_to_SSF_file" alt="" coords="519,359,743,387">
<area shape="rect" id="node9" href="$namespacenetcdf__support.html#0d68b435588c00e7f5662b237c9bc4bc" title="netcdf_support::netcdf_check" alt="" coords="875,106,1067,134">
