<area shape="rect" id="node3" href="$namespaceet__blaney__criddle.html#e849a22107d6dfbdc4cf37bd66a15c25" title="et_blaney_criddle::et_bc_ComputeET" alt="" coords="241,81,479,109">
<area shape="rect" id="node5" href="$namespaceet__hargreaves.html#93c5bea9de3b762cce69fe978f75d609" title="et_hargreaves::et_hargreaves_ComputeET" alt="" coords="228,131,492,159">
<area shape="rect" id="node19" href="$namespaceet__jensen__haise.html#5bea6db1809c509d28b93ea3d1f8181e" title="et_jensen_haise::et_jh_ComputeET" alt="" coords="247,182,473,210">
<area shape="rect" id="node21" href="$namespaceet__thornthwaite__mather.html#66d5f8c191c0aa82a1ce55b862972afc" title="et_thornthwaite_mather::et_tm_ComputeET" alt="" coords="224,233,496,261">
<area shape="rect" id="node23" href="$namespaceet__turc.html#75f81d99392f3f4dcfda8131a28826f1" title="et_turc::et_turc_ComputeET" alt="" coords="268,283,452,311">
<area shape="rect" id="node7" href="$namespacemeteorological__functions.html#e644c82b94c9b7d74340c161115f5b7c" title="meteorological_functions::equivalent_evaporation" alt="" coords="561,5,863,33">
<area shape="rect" id="node9" href="$namespacemeteorological__functions.html#934777cd90ce18fe8fce7d7cfed5bf35" title="meteorological_functions::extraterrestrial_radiation_Ra" alt="" coords="545,55,879,83">
<area shape="rect" id="node11" href="$namespacemeteorological__functions.html#de7f60bc93f4411aa8c4a157341f8b4b" title="meteorological_functions::rel_Earth_Sun_dist" alt="" coords="571,106,853,134">
<area shape="rect" id="node13" href="$namespacemeteorological__functions.html#50fc95bc69ce9e9fd28b0e1696697a7d" title="meteorological_functions::row_latitude" alt="" coords="592,157,832,185">
<area shape="rect" id="node15" href="$namespacemeteorological__functions.html#45a598db078dc2575ce2c0ddcc2f69f0" title="meteorological_functions::solar_declination" alt="" coords="577,207,847,235">
<area shape="rect" id="node17" href="$namespacemeteorological__functions.html#bdb8538c50386c8a369970151f80f73d" title="meteorological_functions::sunset_angle" alt="" coords="588,258,836,286">
