<area shape="rect" id="node3" href="$namespaceet__blaney__criddle.html#01ab00967e31dd22412693ce759baa17" title="et_blaney_criddle::et_bc_configure" alt="" coords="261,5,483,33">
<area shape="rect" id="node5" href="$namespaceet__hargreaves.html#a81bd6c44c0d862bda8f0a508e6aea47" title="et_hargreaves::et_hargreaves_configure" alt="" coords="248,55,496,83">
<area shape="rect" id="node7" href="$namespaceet__jensen__haise.html#4ac0f95d0defb2e2b4f69823a875100e" title="et_jensen_haise::et_jh_configure" alt="" coords="267,106,477,134">
<area shape="rect" id="node9" href="$namespaceet__thornthwaite__mather.html#84694295e6a4da72980bb30f1adc6a82" title="et_thornthwaite_mather::et_tm_configure" alt="" coords="244,157,500,185">
<area shape="rect" id="node11" href="$namespaceet__turc.html#0a286a90ef3f09bc6057a81bbf41f4f7" title="et_turc::et_turc_configure" alt="" coords="288,207,456,235">
<area shape="rect" id="node13" href="$namespaceswb__grid.html#da2d0ba491d29a4a52aae2822b888f1f" title="swb_grid::grid_Conform" alt="" coords="699,157,853,185">
<area shape="rect" id="node15" href="$namespaceswb__grid.html#961bb54be48e77d8d35cb822379f4e60" title="swb_grid::grid_Create" alt="" coords="1036,258,1183,286">
<area shape="rect" id="node17" href="$namespaceswb__grid.html#42bbda135d21221339b4b6656da28933" title="swb_grid::grid_Destroy" alt="" coords="700,309,852,337">
<area shape="rect" id="node19" href="$namespaceswb__grid.html#bc60ec733d1036ed680463fa0a715a42" title="swb_grid::grid_GetGridColNum" alt="" coords="272,993,472,1021">
<area shape="rect" id="node21" href="$namespaceswb__grid.html#9f6375304d1f9e43d3f7ea2bf27be2be" title="swb_grid::grid_GetGridRowNum" alt="" coords="269,1043,475,1071">
<area shape="rect" id="node23" href="$namespaceswb__grid.html#99ec16225afef63a0e34f4882ee3250f" title="swb_grid::grid_Read" alt="" coords="707,1423,845,1451">
<area shape="rect" id="node25" href="$namespacemodel.html#114e44d3df7dfb8dc151a50dc04b0f54" title="model::model_EndOfRun" alt="" coords="289,511,455,539">
<area shape="rect" id="node45" href="$namespacemodel.html#fed7f38c856c81bb8ddc737e4789210d" title="model::model_ReadBasinMaskTable" alt="" coords="256,1094,488,1122">
<area shape="rect" id="node47" href="$namespacemodel.html#42d088fe01089d49d07e112457c71f0c" title="model::model_ReadLanduseLookupTable" alt="" coords="243,1145,501,1173">
<area shape="rect" id="node49" href="$namespacemodel.html#3d4dfe87dab6e9b969b81dc3f41763ec" title="model::model_ReadTimeSeriesFile" alt="" coords="261,1195,483,1223">
<area shape="rect" id="node51" href="$namespacemodel.html#74378024436fef2323c5d8e78ae80789" title="model::model_Solve" alt="" coords="304,739,440,767">
<area shape="rect" id="node90" href="$namespacenetcdf__support.html#deaa2a22708c9c7348a906103ce38f34" title="netcdf_support::netcdf_chk_extent" alt="" coords="263,1246,481,1274">
<area shape="rect" id="node92" href="$namespacenetcdf__support.html#a89f8e8af31edb7d9f5c0ef77ef23768" title="netcdf_support::netcdf_info" alt="" coords="284,841,460,869">
<area shape="rect" id="node95" href="$namespacenetcdf__support.html#6eeec6c2df01a48a69ecbafb53b679d7" title="netcdf_support::netcdf_open" alt="" coords="280,790,464,818">
<area shape="rect" id="node98" href="$namespacesm__thornthwaite__mather.html#4148064c8f4adaf87f34a3695f33063b" title="sm_thornthwaite_mather::sm_thornthwaite_mather_Configure" alt="" coords="185,891,559,919">
<area shape="rect" id="node101" href="$namespaceswb__stats.html#cd278076cc93c0919cda51b7188dab2e" title="swb_stats::stats_CalcBasinStats" alt="" coords="265,359,479,387">
<area shape="rect" id="node106" href="$namespaceswb__stats.html#d3c6cb80a9c1928e9235d16423bf48d8" title="swb_stats::stats_CalcMeanRecharge" alt="" coords="657,461,895,489">
<area shape="rect" id="node112" href="$namespaceswb__stats.html#af222f82f042a1eeb3412be5e5bcd464" title="swb_stats::stats_CalcMeanRechargebyLU" alt="" coords="239,410,505,438">
<area shape="rect" id="node28" href="$namespacenetcdf__support.html#0d68b435588c00e7f5662b237c9bc4bc" title="netcdf_support::netcdf_check" alt="" coords="680,1373,872,1401">
<area shape="rect" id="node30" href="$namespaceswb__stats.html#841f19be673726e0d221293413ddcae4" title="swb_stats::stats_CloseBinaryFiles" alt="" coords="665,410,887,438">
<area shape="rect" id="node32" href="$namespaceswb__stats.html#62541230c69c255a0beb7c13ea1fd262" title="swb_stats::stats_RewriteGrids" alt="" coords="677,359,875,387">
<area shape="rect" id="node35" href="$namespaceswb__grid.html#9d60759cd038c3d1936d912299e2f4a2" title="swb_grid::grid_WriteArcGrid" alt="" coords="1017,562,1201,590">
<area shape="rect" id="node37" href="$namespaceswb__grid.html#af1f4ad8065d88804760ea3d28fb2e02" title="swb_grid::grid_WriteSurferGrid" alt="" coords="1011,309,1208,337">
<area shape="rect" id="node39" href="$namespacegraph.html#0d0898b2db62366093b9d8785a1b9d90" title="graph::makegraph" alt="" coords="1047,410,1172,438">
<area shape="rect" id="node41" href="$namespace_r_l_e.html#d4af726c9f6888eff2870258c8fb75de" title="RLE::RLE_readByte" alt="" coords="1040,359,1179,387">
<area shape="rect" id="node43" href="$namespaceswb__stats.html#e5f18911e97e0fc1ba46fc24975f03ed" title="Writes out the min, max, and mean of 2D variable array Second line of brief description..." alt="" coords="993,461,1225,489">
<area shape="rect" id="node54" href="$namespacerunoff__curve__number.html#ab87de081fe92b0ca919f00b9931be6d" title="runoff_curve_number::runoff_InitializeCurveNumber" alt="" coords="621,613,931,641">
<area shape="rect" id="node57" href="$namespaceswb__stats.html#2a181014514f304c10a4823167eea79a" title="swb_stats::stats_CalcMonthlyMeans" alt="" coords="659,562,893,590">
<area shape="rect" id="node59" href="$namespaceswb__stats.html#65f35b2efbf53e65d819a171319d92f9" title="swb_stats::stats_DumpAnnualAccumulatorValues" alt="" coords="620,1170,932,1198">
<area shape="rect" id="node63" href="$namespaceswb__stats.html#0d9031a1acff05d4d1e6d46d8c4e3263" title="swb_stats::stats_DumpDailyAccumulatorValues" alt="" coords="627,1322,925,1350">
<area shape="rect" id="node66" href="$namespaceswb__stats.html#2d6e66544a4b71402f6bb7075d590df8" title="swb_stats::stats_DumpMonthlyAccumulatorValues" alt="" coords="617,714,935,742">
<area shape="rect" id="node69" href="$namespaceswb__stats.html#5fbf4ac0d23ffb2a7aa6dbe4be8c8164" title="swb_stats::stats_InitializeAnnualAccumulators" alt="" coords="631,765,921,793">
<area shape="rect" id="node71" href="$namespaceswb__stats.html#5ba844557dec513710f283c41a9a265c" title="swb_stats::stats_InitializeDailyAccumulators" alt="" coords="636,815,916,843">
<area shape="rect" id="node73" href="$namespaceswb__stats.html#3d947e5ebbe4b649820b9de1e118efb0" title="swb_stats::stats_InitializeMonthlyAccumulators" alt="" coords="628,866,924,894">
<area shape="rect" id="node75" href="$namespaceswb__stats.html#310f0f7b08aa679de6907fc3870bac76" title="swb_stats::stats_InitializeVolumeConversion" alt="" coords="637,917,915,945">
<area shape="rect" id="node77" href="$namespaceswb__stats.html#59a2b9123745126691c28085080584ec" title="swb_stats::stats_OpenBinaryFiles" alt="" coords="667,967,885,995">
<area shape="rect" id="node79" href="$namespaceswb__stats.html#702b2071b18f3bf1b5569bcf5b6bef3e" title="swb_stats::stats_WriteAnnualAccumulatorHeaderCSV" alt="" coords="608,1018,944,1046">
<area shape="rect" id="node81" href="$namespaceswb__stats.html#ffd85de02d34bd4608aec046a8a28a57" title="swb_stats::stats_WriteAnnualAccumulatorValuesCSV" alt="" coords="608,1069,944,1097">
<area shape="rect" id="node83" href="$namespaceswb__stats.html#e8dd9a43d8d8b6499f5b0556f4d7f374" title="swb_stats::stats_WriteDailyAccumulatorHeaderCSV" alt="" coords="613,1119,939,1147">
<area shape="rect" id="node85" href="$namespaceswb__stats.html#7680fbd498a0bf44089b1e12baf9221a" title="swb_stats::stats_WriteDailyAccumulatorValuesCSV" alt="" coords="615,1221,937,1249">
<area shape="rect" id="node88" href="$namespaceswb__stats.html#477408383e1db8d73b78fabed1b1f805" title="swb_stats::stats_WriteMSBReport" alt="" coords="665,1271,887,1299">
<area shape="rect" id="node61" href="$namespaceswb__stats.html#07fff21d7f416822a1e78b4de9580fc7" title="swb_stats::stats_FormatTextString" alt="" coords="997,1170,1221,1198">
