<area shape="rect" id="node3" href="$namespacemeteorological__functions.html#e644c82b94c9b7d74340c161115f5b7c" title="meteorological_functions::equivalent_evaporation" alt="" coords="335,5,636,33">
<area shape="rect" id="node5" href="$namespacemeteorological__functions.html#934777cd90ce18fe8fce7d7cfed5bf35" title="meteorological_functions::extraterrestrial_radiation_Ra" alt="" coords="319,55,652,83">
<area shape="rect" id="node7" href="$namespacemeteorological__functions.html#de7f60bc93f4411aa8c4a157341f8b4b" title="meteorological_functions::rel_Earth_Sun_dist" alt="" coords="344,106,627,134">
<area shape="rect" id="node9" href="$namespacemeteorological__functions.html#50fc95bc69ce9e9fd28b0e1696697a7d" title="meteorological_functions::row_latitude" alt="" coords="365,157,605,185">
<area shape="rect" id="node11" href="$namespacemeteorological__functions.html#45a598db078dc2575ce2c0ddcc2f69f0" title="meteorological_functions::solar_declination" alt="" coords="351,207,620,235">
<area shape="rect" id="node13" href="$namespacemeteorological__functions.html#bdb8538c50386c8a369970151f80f73d" title="meteorological_functions::sunset_angle" alt="" coords="361,258,609,286">
