<area shape="rect" id="node3" href="$namespacemeteorological__functions.html#48647f465f1e4cbd25c66406f4b22c56" title="meteorological_functions::clear_sky_solar_radiation_Rso" alt="" coords="273,5,623,33">
<area shape="rect" id="node5" href="$namespacemeteorological__functions.html#0228a2c9f92d212730d57a308c27d6a7" title="meteorological_functions::daylight_hours" alt="" coords="320,55,576,83">
<area shape="rect" id="node7" href="$namespacemeteorological__functions.html#934777cd90ce18fe8fce7d7cfed5bf35" title="meteorological_functions::extraterrestrial_radiation_Ra" alt="" coords="281,106,615,134">
<area shape="rect" id="node9" href="$namespacemeteorological__functions.html#7144b3142f66dfaf06985f0f908400b4" title="meteorological_functions::net_longwave_radiation_Rnl" alt="" coords="677,157,1008,185">
<area shape="rect" id="node13" href="$namespacemeteorological__functions.html#35ff0a37cae7cf1ff85ecf7daa47303e" title="meteorological_functions::net_shortwave_radiation_Rns" alt="" coords="673,207,1012,235">
<area shape="rect" id="node15" href="$namespacemeteorological__functions.html#de7f60bc93f4411aa8c4a157341f8b4b" title="meteorological_functions::rel_Earth_Sun_dist" alt="" coords="307,309,589,337">
<area shape="rect" id="node17" href="$namespacemeteorological__functions.html#50fc95bc69ce9e9fd28b0e1696697a7d" title="meteorological_functions::row_latitude" alt="" coords="328,359,568,387">
<area shape="rect" id="node19" href="$namespacesnow.html#0d0e799c65a90426558cbbb74b28f8c5" title="snow::snow_albedo" alt="" coords="381,410,515,438">
<area shape="rect" id="node21" href="$namespacesnow.html#477f6b9f521a0243f933240de1f4f808" title="snow::snow_depth_Hedstrom" alt="" coords="352,461,544,489">
<area shape="rect" id="node23" href="$namespacesnow.html#82e94557e1c7361db292cd7bfb0045ac" title="snow::snow_energy_balance" alt="" coords="355,258,541,286">
<area shape="rect" id="node35" href="$namespacemeteorological__functions.html#45a598db078dc2575ce2c0ddcc2f69f0" title="meteorological_functions::solar_declination" alt="" coords="313,511,583,539">
<area shape="rect" id="node37" href="$namespacemeteorological__functions.html#c17c220d158f0bde31c9f9ef399091a1" title="meteorological_functions::solar_radiation_Hargreaves_Rs" alt="" coords="273,562,623,590">
<area shape="rect" id="node39" href="$namespaceswb__stats.html#6def08584e14bc099756846eab8c3fd0" title="swb_stats::stats_UpdateAllAccumulatorsByCell" alt="" coords="299,613,597,641">
<area shape="rect" id="node41" href="$namespacemeteorological__functions.html#bdb8538c50386c8a369970151f80f73d" title="meteorological_functions::sunset_angle" alt="" coords="324,663,572,691">
<area shape="rect" id="node43" href="$namespacemeteorological__functions.html#c9ecb6e3268d4b67678af28b23cce215" title="meteorological_functions::zenith_angle" alt="" coords="325,714,571,742">
<area shape="rect" id="node11" href="$namespacemeteorological__functions.html#bdb2c6342c1ec952d3697d89a79376b1" title="meteorological_functions::dewpoint_vapor_pressure_ea" alt="" coords="1061,157,1400,185">
<area shape="rect" id="node25" href="$namespacemeteorological__functions.html#90b4e8a09fb5c0597f52bd44adfb2e24" title="meteorological_functions::convective_heat_exchange_e" alt="" coords="673,258,1012,286">
<area shape="rect" id="node31" href="$namespacemeteorological__functions.html#bd07fab175427fff1c33d3dc204c385d" title="meteorological_functions::precipitation_heat_p" alt="" coords="699,309,987,337">
<area shape="rect" id="node33" href="$namespacemeteorological__functions.html#f2672c6758aee047fb536dd125dce2f3" title="meteorological_functions::sensible_heat_exchange_h" alt="" coords="679,359,1007,387">
<area shape="rect" id="node27" href="$namespacemeteorological__functions.html#67a6a39a9e60d4711972647406a1e6fa" title="meteorological_functions::sat_vapor_density" alt="" coords="1093,258,1368,286">
