<area shape="rect" id="node3" href="$namespaceswb__grid.html#42bbda135d21221339b4b6656da28933" title="swb_grid::grid_Destroy" alt="" coords="255,5,407,33">
<area shape="rect" id="node5" href="$namespacenetcdf__support.html#0d68b435588c00e7f5662b237c9bc4bc" title="netcdf_support::netcdf_check" alt="" coords="235,55,427,83">
<area shape="rect" id="node7" href="$namespaceswb__stats.html#841f19be673726e0d221293413ddcae4" title="swb_stats::stats_CloseBinaryFiles" alt="" coords="220,106,441,134">
<area shape="rect" id="node9" href="$namespaceswb__stats.html#62541230c69c255a0beb7c13ea1fd262" title="swb_stats::stats_RewriteGrids" alt="" coords="232,157,429,185">
<area shape="rect" id="node11" href="$namespaceswb__grid.html#961bb54be48e77d8d35cb822379f4e60" title="swb_grid::grid_Create" alt="" coords="535,30,681,58">
<area shape="rect" id="node13" href="$namespaceswb__grid.html#9d60759cd038c3d1936d912299e2f4a2" title="swb_grid::grid_WriteArcGrid" alt="" coords="516,81,700,109">
<area shape="rect" id="node15" href="$namespaceswb__grid.html#af1f4ad8065d88804760ea3d28fb2e02" title="swb_grid::grid_WriteSurferGrid" alt="" coords="509,131,707,159">
<area shape="rect" id="node17" href="$namespacegraph.html#0d0898b2db62366093b9d8785a1b9d90" title="graph::makegraph" alt="" coords="545,182,671,210">
<area shape="rect" id="node19" href="$namespace_r_l_e.html#d4af726c9f6888eff2870258c8fb75de" title="RLE::RLE_readByte" alt="" coords="539,233,677,261">
<area shape="rect" id="node21" href="$namespaceswb__stats.html#e5f18911e97e0fc1ba46fc24975f03ed" title="Writes out the min, max, and mean of 2D variable array Second line of brief description..." alt="" coords="492,283,724,311">
