<area shape="rect" id="node3" href="$namespacemeteorological__functions.html#90b4e8a09fb5c0597f52bd44adfb2e24" title="meteorological_functions::convective_heat_exchange_e" alt="" coords="244,5,583,33">
<area shape="rect" id="node7" href="$namespacemeteorological__functions.html#7144b3142f66dfaf06985f0f908400b4" title="meteorological_functions::net_longwave_radiation_Rnl" alt="" coords="248,55,579,83">
<area shape="rect" id="node11" href="$namespacemeteorological__functions.html#35ff0a37cae7cf1ff85ecf7daa47303e" title="meteorological_functions::net_shortwave_radiation_Rns" alt="" coords="244,106,583,134">
<area shape="rect" id="node13" href="$namespacemeteorological__functions.html#bd07fab175427fff1c33d3dc204c385d" title="meteorological_functions::precipitation_heat_p" alt="" coords="269,157,557,185">
<area shape="rect" id="node15" href="$namespacemeteorological__functions.html#f2672c6758aee047fb536dd125dce2f3" title="meteorological_functions::sensible_heat_exchange_h" alt="" coords="249,207,577,235">
<area shape="rect" id="node5" href="$namespacemeteorological__functions.html#67a6a39a9e60d4711972647406a1e6fa" title="meteorological_functions::sat_vapor_density" alt="" coords="664,5,939,33">
<area shape="rect" id="node9" href="$namespacemeteorological__functions.html#bdb2c6342c1ec952d3697d89a79376b1" title="meteorological_functions::dewpoint_vapor_pressure_ea" alt="" coords="632,55,971,83">
